
MariaDB [(none)]> use dbpos_sib6;
Database changed
MariaDB [dbpos_sib6]> DESCRIBE produk;
+-----------------+--------------+------+-----+---------+----------------+
| Field           | Type         | Null | Key | Default | Extra          |
+-----------------+--------------+------+-----+---------+----------------+
| id              | int(11)      | NO   | PRI | NULL    | auto_increment |
| kode            | varchar(10)  | NO   | UNI | NULL    |                |
| nama            | varchar(45)  | NO   |     | NULL    |                |
| harga_beli      | double       | NO   |     | NULL    |                |
| harga_jual      | double       | NO   |     | NULL    |                |
| stok            | int(11)      | NO   |     | NULL    |                |
| min_stok        | int(11)      | NO   |     | NULL    |                |
| foto            | varchar(255) | YES  |     | NULL    |                |
| deskripsi       | text         | YES  |     | NULL    |                |
| jenis_produk_id | int(11)      | NO   | MUL | NULL    |                |
+-----------------+--------------+------+-----+---------+----------------+
10 rows in set (0.028 sec)

MariaDB [dbpos_sib6]> ALTER TABLE pembayaran ADD COLUMN status_pembayaran VARCHAR(25);
ERROR 1060 (42S21): Duplicate column name 'status_pembayaran'
MariaDB [dbpos_sib6]> ALTER TABLE pembayaran MODIFY COLUMN status_pembayaran VARCHAR(25);
Query OK, 0 rows affected (0.009 sec)
Records: 0  Duplicates: 0  Warnings: 0

MariaDB [dbpos_sib6]> ALTER TABLE pembayaran ADD COLUMN new_status_pembayaran VARCHAR(25);
Query OK, 0 rows affected (0.012 sec)
Records: 0  Duplicates: 0  Warnings: 0

MariaDB [dbpos_sib6]> DELIMITER $$
MariaDB [dbpos_sib6]> CREATE TRIGGER pesanan_pemesanan_trig
    -> AFTER INSERT ON pesanan
    -> FOR EACH ROW
    -> BEGIN
    -> INSERT INTO pembayaran (pesanan_id, status_pembayaran)
    -> VALUES (NEW.id, 'menunggu pembayaran');
    -> END $$
Query OK, 0 rows affected (0.025 sec)
MariaDB [dbpos_sib6]> DELIMITER ;

MariaDB [dbpos_sib6]> DELIMITER $$
MariaDB [dbpos_sib6]> CREATE TRIGGER cek_pembayaran BEFORE INSERT ON pembayaran
    -> FOR EACH ROW
    -> BEGIN
    -> DECLARE total_bayar DECIMAL(10, 2);
    -> DECLARE total_pesanan DECIMAL(10, 2);
    -> SELECT IFNULL(SUM(jumlah), 0) INTO total_bayar FROM pembayaran WHERE pesanan_id = NEW.pesanan_id;
    -> SELECT total INTO total_pesanan FROM pesanan WHERE id = NEW.pesanan_id;
    -> IF total_bayar + NEW.jumlah >= total_pesanan THEN
    -> SET NEW.status_pembayaran = 'lunas';
    -> ELSE
    -> SET NEW.status_pembayaran = 'belum lunas';
    -> END IF;
    -> END $$
ERROR 1359 (HY000): Trigger 'dbpos_sib6.cek_pembayaran' already exists
MariaDB [dbpos_sib6]> DELIMITER ;

MariaDB [dbpos_sib6]> SHOW CREATE TRIGGER cek_pembayaran;
+----------------+-----------------------------------------------------+-----------------------------------------------------------------------------------------------------------------------------------------------------------------------------------------------------------------------------------------------------------------------------------------------------------------------------------------------------------------------------------------------------------------------------------------------------------------------------------------------------------------------------------------------------------------------------------------------------------------------------------------------------------------+----------------------+----------------------+--------------------+------------------------+
| Trigger        | sql_mode                                            | SQL Original Statement




                                                                                                                 | character_set_client | collation_connection | Database Collation | Created                |
+----------------+-----------------------------------------------------+-----------------------------------------------------------------------------------------------------------------------------------------------------------------------------------------------------------------------------------------------------------------------------------------------------------------------------------------------------------------------------------------------------------------------------------------------------------------------------------------------------------------------------------------------------------------------------------------------------------------------------------------------------------------+----------------------+----------------------+--------------------+------------------------+
| cek_pembayaran | NO_ZERO_IN_DATE,NO_ZERO_DATE,NO_ENGINE_SUBSTITUTION | CREATE DEFINER=`root`@`localhost` TRIGGER cek_pembayaran BEFORE INSERT ON pembayaran
FOR EACH ROW
BEGIN
    DECLARE total_bayar DECIMAL(10, 2);
    DECLARE total_pesanan DECIMAL(10, 2);

    SELECT SUM(jumlah) INTO total_bayar FROM pembayaran WHERE pesanan_id = NEW.pesanan_id;
    SELECT total INTO total_pesanan FROM pesanan WHERE id = NEW.pesanan_id;

    IF total_bayar + NEW.jumlah > total_pesanan THEN
        SIGNAL SQLSTATE '45000'
        SET MESSAGE_TEXT = 'Jumlah pembayaran melebihi total pesanan.';
    END IF;

    IF total_bayar + NEW.jumlah >= total_pesanan THEN
        SET NEW.status_pembayaran = 'Lunas';
    END IF;
END | cp850                | cp850_general_ci     | utf8mb4_general_ci | 2024-04-30 18:17:07.19 |
+----------------+-----------------------------------------------------+-----------------------------------------------------------------------------------------------------------------------------------------------------------------------------------------------------------------------------------------------------------------------------------------------------------------------------------------------------------------------------------------------------------------------------------------------------------------------------------------------------------------------------------------------------------------------------------------------------------------------------------------------------------------+----------------------+----------------------+--------------------+------------------------+
1 row in set (0.002 sec)

MariaDB [dbpos_sib6]> DELIMITER $$
MariaDB [dbpos_sib6]> CREATE TRIGGER cek_pembayaran BEFORE INSERT ON pembayaran
    -> FOR EACH ROW
    -> BEGIN
    -> DECLARE total_bayar DECIMAL(10, 2);
    -> DECLARE total_pesanan DECIMAL(10, 2);
    -> SELECT IFNULL(SUM(jumlah), 0) INTO total_bayar FROM pembayaran WHERE pesanan_id = NEW.pesanan_id;
    -> SELECT total INTO total_pesanan FROM pesanan WHERE id = NEW.pesanan_id;
    -> IF total_bayar + NEW.jumlah >= total_pesanan THEN
    -> SET NEW.status_pembayaran = 'lunas';
    -> ELSE
    -> SET NEW.status_pembayaran = 'belum lunas';
    -> END IF;
    -> END $$
ERROR 1359 (HY000): Trigger 'dbpos_sib6.cek_pembayaran' already exists

MariaDB [dbpos_sib6]> DELIMITER ;
MariaDB [dbpos_sib6]> SHOW CREATE TRIGGER cek_pembayaran;
+----------------+-----------------------------------------------------+-----------------------------------------------------------------------------------------------------------------------------------------------------------------------------------------------------------------------------------------------------------------------------------------------------------------------------------------------------------------------------------------------------------------------------------------------------------------------------------------------------------------------------------------------------------------------------------------------------------------------------------------------------------------+----------------------+----------------------+--------------------+------------------------+
| Trigger        | sql_mode                                            | SQL Original Statement




                                                                                                                 | character_set_client | collation_connection | Database Collation | Created                |
+----------------+-----------------------------------------------------+-----------------------------------------------------------------------------------------------------------------------------------------------------------------------------------------------------------------------------------------------------------------------------------------------------------------------------------------------------------------------------------------------------------------------------------------------------------------------------------------------------------------------------------------------------------------------------------------------------------------------------------------------------------------+----------------------+----------------------+--------------------+------------------------+
| cek_pembayaran | NO_ZERO_IN_DATE,NO_ZERO_DATE,NO_ENGINE_SUBSTITUTION | CREATE DEFINER=`root`@`localhost` TRIGGER cek_pembayaran BEFORE INSERT ON pembayaran
FOR EACH ROW
BEGIN
    DECLARE total_bayar DECIMAL(10, 2);
    DECLARE total_pesanan DECIMAL(10, 2);

    SELECT SUM(jumlah) INTO total_bayar FROM pembayaran WHERE pesanan_id = NEW.pesanan_id;
    SELECT total INTO total_pesanan FROM pesanan WHERE id = NEW.pesanan_id;

    IF total_bayar + NEW.jumlah > total_pesanan THEN
        SIGNAL SQLSTATE '45000'
        SET MESSAGE_TEXT = 'Jumlah pembayaran melebihi total pesanan.';
    END IF;

    IF total_bayar + NEW.jumlah >= total_pesanan THEN
        SET NEW.status_pembayaran = 'Lunas';
    END IF;
END | cp850                | cp850_general_ci     | utf8mb4_general_ci | 2024-04-30 18:17:07.19 |
+----------------+-----------------------------------------------------+-----------------------------------------------------------------------------------------------------------------------------------------------------------------------------------------------------------------------------------------------------------------------------------------------------------------------------------------------------------------------------------------------------------------------------------------------------------------------------------------------------------------------------------------------------------------------------------------------------------------------------------------------------------------+----------------------+----------------------+--------------------+------------------------+
1 row in set (0.002 sec)

MariaDB [dbpos_sib6]> SHOW TRIGGERS;
+------------------------+--------+------------+---------------------------------------------------------------------------------------------------------------------------------------------------------------------------------------------------------------------------------------------------------------------------------------------------------------------------------------------------------------------------------------------------------------------------------------------------------------------------------------------------------------------------------------------------------------+--------+------------------------+-----------------------------------------------------+----------------+----------------------+----------------------+--------------------+
| Trigger                | Event  | Table      | Statement



                                                                                                               | Timing | Created                | sql_mode                                            | Definer        | character_set_client | collation_connection | Database Collation |
+------------------------+--------+------------+---------------------------------------------------------------------------------------------------------------------------------------------------------------------------------------------------------------------------------------------------------------------------------------------------------------------------------------------------------------------------------------------------------------------------------------------------------------------------------------------------------------------------------------------------------------+--------+------------------------+-----------------------------------------------------+----------------+----------------------+----------------------+--------------------+
| cek_pembayaran         | INSERT | pembayaran | BEGIN
    DECLARE total_bayar DECIMAL(10, 2);
    DECLARE total_pesanan DECIMAL(10, 2);

    SELECT SUM(jumlah) INTO total_bayar FROM pembayaran WHERE pesanan_id = NEW.pesanan_id;
    SELECT total INTO total_pesanan FROM pesanan WHERE id = NEW.pesanan_id;

    IF total_bayar + NEW.jumlah > total_pesanan THEN
        SIGNAL SQLSTATE '45000'
        SET MESSAGE_TEXT = 'Jumlah pembayaran melebihi total pesanan.';
    END IF;

    IF total_bayar + NEW.jumlah >= total_pesanan THEN
        SET NEW.status_pembayaran = 'Lunas';
    END IF;
END | BEFORE | 2024-04-30 18:17:07.19 | NO_ZERO_IN_DATE,NO_ZERO_DATE,NO_ENGINE_SUBSTITUTION | root@localhost | cp850                | cp850_general_ci     | utf8mb4_general_ci |
| pesanan_pemesanan_trig | INSERT | pesanan    | BEGIN
    INSERT INTO pembayaran (pesanan_id, status_pembayaran)
    VALUES (NEW.id, 'menunggu pembayaran');
END


                                                                         | AFTER  | 2024-04-30 18:32:25.97 | NO_ZERO_IN_DATE,NO_ZERO_DATE,NO_ENGINE_SUBSTITUTION | root@localhost | cp850                | cp850_general_ci     | utf8mb4_general_ci |
+------------------------+--------+------------+---------------------------------------------------------------------------------------------------------------------------------------------------------------------------------------------------------------------------------------------------------------------------------------------------------------------------------------------------------------------------------------------------------------------------------------------------------------------------------------------------------------------------------------------------------------+--------+------------------------+-----------------------------------------------------+----------------+----------------------+----------------------+--------------------+
2 rows in set (0.028 sec)

MariaDB [dbpos_sib6]> DELIMITER $$
MariaDB [dbpos_sib6]> CREATE TRIGGER cek_pembayaran BEFORE INSERT ON pembayaran
    -> FOR EACH ROW
    -> BEGIN
    ->     DECLARE total_bayar DECIMAL(10, 2);
    ->     DECLARE total_pesanan DECIMAL(10, 2);
    ->
    ->     -- Menghitung total pembayaran yang telah diterima untuk pesanan yang sama
    ->     SELECT IFNULL(SUM(jumlah), 0) INTO total_bayar FROM pembayaran WHERE pesanan_id = NEW.pesanan_id;
    ->
    ->     -- Mengambil total pesanan dari tabel pesanan
    ->     SELECT total INTO total_pesanan FROM pesanan WHERE id = NEW.pesanan_id;
    ->
    ->     -- Memeriksa apakah total pembayaran sudah mencukupi
    ->     IF total_bayar + NEW.jumlah >= total_pesanan THEN
    ->         SET NEW.status_pembayaran = 'Lunas';
    ->     ELSE
    ->         SET NEW.status_pembayaran = 'Belum Lunas';
    ->     END IF;
    -> END $$
ERROR 1359 (HY000): Trigger 'dbpos_sib6.cek_pembayaran' already exists
MariaDB [dbpos_sib6]> DELIMITER ;
MariaDB [dbpos_sib6]> DROP TRIGGER IF EXISTS cek_pembayaran;
Query OK, 0 rows affected (0.002 sec)

MariaDB [dbpos_sib6]> DELIMITER $$
MariaDB [dbpos_sib6]> CREATE TRIGGER cek_pembayaran BEFORE INSERT ON pembayaran
    -> FOR EACH ROW
    -> BEGIN
    -> DECLARE total_bayar DECIMAL(10, 2);
    -> DECLARE total_pesanan DECIMAL(10, 2);
    -> SELECT IFNULL(SUM(jumlah), 0) INTO total_bayar FROM pembayaran WHERE pesanan_id = NEW.pesanan_id;
    -> SELECT total INTO total_pesanan FROM pesanan WHERE id = NEW.pesanan_id;
    -> IF total_bayar + NEW.jumlah >= total_pesanan THEN
    -> SET NEW.status_pembayaran = 'Lunas';
    -> ELSE
    -> SET NEW.status_pembayaran = 'Belum Lunas';
    -> END IF;
    -> END $$
Query OK, 0 rows affected (0.015 sec)
MariaDB [dbpos_sib6]> DELIMITER ;

MariaDB [dbpos_sib6]> INSERT INTO pembayaran (tanggal, jumlah, ke, pesanan_id)
    -> VALUES ('2023-03-03', 200000, 1, 1);
Query OK, 1 row affected (0.020 sec)

MariaDB [dbpos_sib6]> DELIMITER $$
MariaDB [dbpos_sib6]> CREATE PROCEDURE kurangi_stok(IN produk_id INT, IN jumlah_pesanan INT)
    -> BEGIN
    -> DECLARE stok_produk INT;
    -> SELECT stok INTO stok_produk FROM produk WHERE id = produk_id;
    -> SET stok_produk = stok_produk - jumlah_pesanan;
    -> IF stok_produk < 0 THEN
    -> SIGNAL SQLSTATE '45000'
    -> SET MESSAGE_TEXT = 'Stok produk tidak mencukupi';
    -> END IF;
    -> UPDATE produk SET stok = stok_produk WHERE id = produk_id;
    -> END $$
Query OK, 0 rows affected (0.012 sec)
MariaDB [dbpos_sib6]> DELIMITER ;

MariaDB [dbpos_sib6]> DELIMITER $$
MariaDB [dbpos_sib6]> CREATE TRIGGER trig_kurangi_stok AFTER INSERT ON pesanan_items
    -> FOR EACH ROW
    -> BEGIN
    -> CALL kurangi_stok(NEW.produk_id, NEW.qty);
    -> END $$
Query OK, 0 rows affected (0.032 sec)

MariaDB [dbpos_sib6]> DELIMITER ;
MariaDB [dbpos_sib6]> SELECT * FROM produk;
+----+--------+-------------------+------------+------------+------+----------+------------------------+---------------------------------------------------------------------------------------------------------------------------------------------------------------------------------------------------------------------+-----------------+
| id | kode   | nama              | harga_beli | harga_jual | stok | min_stok | foto                   | deskripsi      
                                                                             | jenis_produk_id |
+----+--------+-------------------+------------+------------+------+----------+------------------------+---------------------------------------------------------------------------------------------------------------------------------------------------------------------------------------------------------------------+-----------------+
|  1 | TV01   | Televisi 21 inchs |    3500000 |   50500000 |    5 |        2 |                        | NULL

                                                                             |               1 |
|  2 | TV02   | Televisi 40 inch  |    5500000 |    7440000 |    4 |        2 | NULL                   | NULL

                                                                             |               1 |
|  3 | K001   | Kulkas 2 pintu    |    3500000 |    4680000 |    6 |        2 |                        | NULL

                                                                             |               1 |
|  4 | M001   | Meja Makan        |     500000 |     600000 |    4 |        3 | NULL                   | NULL

                                                                             |               2 |
|  5 | TK01   | Teh Kotak         |       3000 |       3500 |    6 |       10 | foto-5.png             | NULL

                                                                             |               4 |
|  6 | PC01   | PC Desktop HP     |    7000000 |    9984000 |    9 |        2 | NULL                   | NULL

                                                                             |               5 |
|  7 | TB01   | Teh Botol         |       2000 |       2500 |   53 |       10 | foto-7.jpg             | NULL

                                                                             |               4 |
|  8 | AC01   | Notebook Acer S   |    8000000 |   11232000 |    7 |        2 | NULL                   | NULL

                                                                             |               5 |
|  9 | LN01   | Notebook Lenovo   |    9000000 |   12480000 |    9 |        2 | NULL                   | NULL

                                                                             |               5 |
| 11 | L005   | Laptop Lenovo     |   13000000 |   16000000 |    5 |        2 |                        | NULL           
                                                                             |               1 |
| 15 | L112   | Kopi              |      20000 |      30000 |   10 |       15 | foto-15.png            | Luwak White Coffee merupakan bubuk biji kopi luwak yang dikombinasikan dengan gurihnya krimer serta manisnya gula. Keharuman kopi serta rasa manisnya yang pas juga membuat popularitas Luwak White Coffee melejit. |               4 |
| 16 | L113   | Teh Sosro 2       |      10000 |      15000 |   10 |       12 | .png                   | NULL

                                                                             |               1 |
| 18 | L0015  | Laptop Asus       |    3000000 |    5000000 |   10 |       20 | foto-65542ffa66604.jpg | NULL

                                                                             |               1 |
| 19 | TV0115 | Televisi 22 inc`  |    3500000 |   50500000 |    5 |        2 | NULL                   | NULL

                                                                             |               1 |
| 20 | TV0116 | Televisi 23 inc   |    3500000 |   50500000 |    5 |        2 | NULL                   | NULL           
                                                                             |               1 |
| 21 | TV0117 | Televisi 24 inc   |    3500000 |   50500000 |    5 |        2 | NULL                   | NULL

                                                                             |               1 |
| 22 | TV0118 | Televisi 25 inc   |    3500000 |   50500000 |    5 |        2 | NULL                   | NULL

                                                                             |               1 |
| 24 | TV0120 | Televisi 27 inc   |    3500000 |   50500000 |    5 |        2 | NULL                   | NULL

                                                                             |               1 |
| 25 | TV0121 | Televisi 28 inc   |    3500000 |   50500000 |    5 |        2 | NULL                   | NULL

                                                                             |               1 |
| 26 | TV0122 | Televisi 29 inc   |    3500000 |   50500000 |    5 |        2 | NULL                   | NULL

                                                                             |               1 |
| 27 | THP001 | Teh Pucuk         |       4000 |       5000 |   10 |        2 | pucuk.jpg              | Teh pucuk adalah
                                                                             |               4 |
| 28 | THP002 | Teh Pucuk2        |       4000 |       5000 |   10 |        2 | pucuk.jpg              | Teh pucuk adalah
                                                                             |               4 |
| 32 |        | Produk A          |      50000 |      55000 |   10 |        0 | NULL                   | NULL           
                                                                             |               1 |
| 43 | PR001  | Produk A          |      40000 |      50000 |    8 |        5 | /path/to/image1.jpg    | Deskripsi Produk A
                                                                             |               1 |
| 44 | PR002  | Produk B          |      50000 |      60000 |   20 |       10 | /path/to/image2.jpg    | Deskripsi Produk B
                                                                             |               2 |
| 45 | PR003  | Produk C          |      60000 |      70000 |   30 |       15 | /path/to/image3.jpg    | Deskripsi Produk C
                                                                             |               3 |
+----+--------+-------------------+------------+------------+------+----------+------------------------+---------------------------------------------------------------------------------------------------------------------------------------------------------------------------------------------------------------------+-----------------+
26 rows in set (0.001 sec)

MariaDB [dbpos_sib6]> -- Menambahkan data ke tabel pesanan_items
MariaDB [dbpos_sib6]> INSERT INTO pesanan_items (produk_id, pesanan_id, qty, harga) VALUES (7, 3, 2, 7000);
Query OK, 1 row affected (0.018 sec)

MariaDB [dbpos_sib6]> -- Memeriksa stok produk setelah transaksi
MariaDB [dbpos_sib6]> SELECT * FROM produk;
+----+--------+-------------------+------------+------------+------+----------+------------------------+---------------------------------------------------------------------------------------------------------------------------------------------------------------------------------------------------------------------+-----------------+
| id | kode   | nama              | harga_beli | harga_jual | stok | min_stok | foto                   | deskripsi      
                                                                             | jenis_produk_id |
+----+--------+-------------------+------------+------------+------+----------+------------------------+---------------------------------------------------------------------------------------------------------------------------------------------------------------------------------------------------------------------+-----------------+
|  1 | TV01   | Televisi 21 inchs |    3500000 |   50500000 |    5 |        2 |                        | NULL

                                                                             |               1 |
|  2 | TV02   | Televisi 40 inch  |    5500000 |    7440000 |    4 |        2 | NULL                   | NULL

                                                                             |               1 |
|  3 | K001   | Kulkas 2 pintu    |    3500000 |    4680000 |    6 |        2 |                        | NULL

                                                                             |               1 |
|  4 | M001   | Meja Makan        |     500000 |     600000 |    4 |        3 | NULL                   | NULL

                                                                             |               2 |
|  5 | TK01   | Teh Kotak         |       3000 |       3500 |    6 |       10 | foto-5.png             | NULL

                                                                             |               4 |
|  6 | PC01   | PC Desktop HP     |    7000000 |    9984000 |    9 |        2 | NULL                   | NULL

                                                                             |               5 |
|  7 | TB01   | Teh Botol         |       2000 |       2500 |   51 |       10 | foto-7.jpg             | NULL

                                                                             |               4 |
|  8 | AC01   | Notebook Acer S   |    8000000 |   11232000 |    7 |        2 | NULL                   | NULL

                                                                             |               5 |
|  9 | LN01   | Notebook Lenovo   |    9000000 |   12480000 |    9 |        2 | NULL                   | NULL

                                                                             |               5 |
| 11 | L005   | Laptop Lenovo     |   13000000 |   16000000 |    5 |        2 |                        | NULL

                                                                             |               1 |
| 15 | L112   | Kopi              |      20000 |      30000 |   10 |       15 | foto-15.png            | Luwak White Coffee merupakan bubuk biji kopi luwak yang dikombinasikan dengan gurihnya krimer serta manisnya gula. Keharuman kopi serta rasa manisnya yang pas juga membuat popularitas Luwak White Coffee melejit. |               4 |
| 16 | L113   | Teh Sosro 2       |      10000 |      15000 |   10 |       12 | .png                   | NULL

                                                                             |               1 |
| 18 | L0015  | Laptop Asus       |    3000000 |    5000000 |   10 |       20 | foto-65542ffa66604.jpg | NULL

                                                                             |               1 |
| 19 | TV0115 | Televisi 22 inc`  |    3500000 |   50500000 |    5 |        2 | NULL                   | NULL

                                                                             |               1 |
| 20 | TV0116 | Televisi 23 inc   |    3500000 |   50500000 |    5 |        2 | NULL                   | NULL

                                                                             |               1 |
| 21 | TV0117 | Televisi 24 inc   |    3500000 |   50500000 |    5 |        2 | NULL                   | NULL

                                                                             |               1 |
| 22 | TV0118 | Televisi 25 inc   |    3500000 |   50500000 |    5 |        2 | NULL                   | NULL

                                                                             |               1 |
| 24 | TV0120 | Televisi 27 inc   |    3500000 |   50500000 |    5 |        2 | NULL                   | NULL

                                                                             |               1 |
| 25 | TV0121 | Televisi 28 inc   |    3500000 |   50500000 |    5 |        2 | NULL                   | NULL

                                                                             |               1 |
| 26 | TV0122 | Televisi 29 inc   |    3500000 |   50500000 |    5 |        2 | NULL                   | NULL

                                                                             |               1 |
| 27 | THP001 | Teh Pucuk         |       4000 |       5000 |   10 |        2 | pucuk.jpg              | Teh pucuk adalah
                                                                             |               4 |
| 28 | THP002 | Teh Pucuk2        |       4000 |       5000 |   10 |        2 | pucuk.jpg              | Teh pucuk adalah
                                                                             |               4 |
| 32 |        | Produk A          |      50000 |      55000 |   10 |        0 | NULL                   | NULL

                                                                             |               1 |
| 43 | PR001  | Produk A          |      40000 |      50000 |    8 |        5 | /path/to/image1.jpg    | Deskripsi Produk A
                                                                             |               1 |
| 44 | PR002  | Produk B          |      50000 |      60000 |   20 |       10 | /path/to/image2.jpg    | Deskripsi Produk B
                                                                             |               2 |
| 45 | PR003  | Produk C          |      60000 |      70000 |   30 |       15 | /path/to/image3.jpg    | Deskripsi Produk C
                                                                             |               3 |
+----+--------+-------------------+------------+------------+------+----------+------------------------+---------------------------------------------------------------------------------------------------------------------------------------------------------------------------------------------------------------------+-----------------+
26 rows in set (0.005 sec)
